{
  "Ops Tools": {
    "2012-10-08": 1,
    "2012-10-15": 1,
    "2012-10-22": 1,
    "2012-10-29": 2,
    "2012-11-05": 2,
    "2012-11-12": 3
  },
  "Portal": {
    "2012-10-08": 1,
    "2012-10-15": 1,
    "2012-10-22": 1,
    "2012-10-29": 2,
    "2012-11-05": 2,
    "2012-11-12": 3
  },
  "Reports": {
    "2012-10-08": 1,
    "2012-10-15": 1,
    "2012-10-22": 1,
    "2012-10-29": 2,
    "2012-11-05": 2,
    "2012-11-12": 3
  }
}
