{
  "Ops Tools": {
    "2011-12-26": 1.0,
    "2012-01-02": 0.0,
    "2012-01-09": 0.0,
    "2012-01-16": 1.0,
    "2012-01-23": 0.0,
    "2012-01-30": 1.0
  },
  "Portal": {
    "2011-12-26": 2.0,
    "2012-01-02": 1.0,
    "2012-01-09": 0.0,
    "2012-01-16": 0.0,
    "2012-01-23": 0.0,
    "2012-01-30": 0.0
  },
  "Reports": {
    "2011-12-26": 3.0,
    "2012-01-02": 0.0,
    "2012-01-09": 0.0,
    "2012-01-16": 0.0,
    "2012-01-23": 0.0,
    "2012-01-30": 0.0
  }
}
